// Jest Snapshot v1, https://goo.gl/fbAQLP

exports[`ReadingPane renders the ReadingPane component 1`] = `Loading...`;
